// Jest Snapshot v1, https://goo.gl/fbAQLP

exports[`<PseudoInput /> should render without props 1`] = `
<div
  className="input"
  role="button"
>
  <span
    className="icon"
  >
    <ForwardRef(MagnifierSVG)
      aria-hidden="true"
      fill="#9e9e9e"
    />
  </span>
  <span
    className="text"
  />
</div>
`;
