// Jest Snapshot v1, https://goo.gl/fbAQLP

exports[`<PseudoInput /> should render without props 1`] = `
<div
  className="input"
  role="button"
>
  <span
    className="icon"
  >
    <Icon
      aria-hidden="true"
      color="gray38"
      icon={[Function]}
      size={18}
    />
  </span>
  <span
    className="text"
  />
</div>
`;
