// Jest Snapshot v1, https://goo.gl/fbAQLP

exports[`SelectScreenOption should handle size prop 1`] = `
<div>
  <button
    class="item size-xl"
    data-testid="select-screen:option"
    type="button"
  >
    Test option
  </button>
</div>
`;

exports[`select screen parts should works properly 1`] = `
<div>
  <div
    class="root overlay size-m rounds-m"
    data-testid="modal-overlay"
    style="z-index: 100;"
  >
    <div
      class="modal modal-layout"
      data-testid="modal"
    >
      <div
        class="root body"
        data-overlayscrollbars="host"
        data-testid="modal-body"
      >
        <div
          class="os-size-observer"
        >
          <div
            class="os-size-observer-listener"
          />
        </div>
        <div
          class=""
          data-overlayscrollbars-padding=""
          style="margin-right: 0px; margin-bottom: 0px; margin-left: 0px; top: 0px; left: 0px; width: calc(100% + 0px);"
        >
          <div
            data-overlayscrollbars-viewport="overflowXHidden overflowYHidden"
            style="padding: 0px 0px 0px 0px;"
          >
            <div
              class="layout mobile disabled-mxs disabled-ms"
              style="padding: 16px 0px;"
            >
              <div
                class="container"
              >
                <button
                  class="item size-m"
                  data-testid="select-screen:option"
                  type="button"
                >
                  Foo
                </button>
                <button
                  class="item size-m"
                  data-testid="select-screen:option"
                  type="button"
                >
                  Bar
                  <svg
                    class="icon"
                    height="24"
                    role="presentation"
                    viewBox="0 0 24 24"
                    width="24"
                  >
                    <path
                      clip-rule="evenodd"
                      d="M21.678 5.265a1 1 0 0 1 .057 1.413l-12 13a1 1 0 0 1-1.36.103l-5-4a1 1 0 0 1 1.25-1.562l4.272 3.418L20.265 5.322a1 1 0 0 1 1.413-.057"
                      fill-rule="evenodd"
                    />
                  </svg>
                </button>
                <button
                  class="item size-m"
                  data-testid="select-screen:option"
                  type="button"
                >
                  Baz
                </button>
              </div>
            </div>
          </div>
        </div>
        <div
          class="os-scrollbar os-scrollbar-horizontal theme os-scrollbar-auto-hide os-scrollbar-handle-interactive os-scrollbar-cornerless os-scrollbar-unusable"
          style="--os-scroll-percent: 0; --os-viewport-percent: 0; --os-scroll-direction: 0;"
        >
          <div
            class="os-scrollbar-track"
          >
            <div
              class="os-scrollbar-handle"
            />
          </div>
        </div>
        <div
          class="os-scrollbar os-scrollbar-vertical theme os-scrollbar-auto-hide os-scrollbar-handle-interactive os-scrollbar-cornerless os-scrollbar-unusable"
          style="--os-scroll-percent: 0; --os-viewport-percent: 0; --os-scroll-direction: 0;"
        >
          <div
            class="os-scrollbar-track"
          >
            <div
              class="os-scrollbar-handle"
            />
          </div>
        </div>
      </div>
    </div>
  </div>
</div>
`;
