// Jest Snapshot v1, https://goo.gl/fbAQLP

exports[`<ProductInfo /> should renders correctly 1`] = `
<ProductInfo
  currencyGrapheme="₽"
  favorite={true}
  imageSrc="https://cdn3.static1-sima-land.com/items/29455/0/1600.jpg?v=1617955476"
  name="Ножницы портновские, 10, 26 см, цвет чёрный"
  oldPrice={250}
  onQuickViewClick={[MockFunction]}
  price={225}
  url="https://www.sima-land.ru/123456"
  withQuickView={true}
>
  <a
    className="row image-row"
    href="https://www.sima-land.ru/123456"
  >
    <Image
      alt="Ножницы портновские, 10, 26 см, цвет чёрный"
      className="image"
      src="https://cdn3.static1-sima-land.com/items/29455/0/1600.jpg?v=1617955476"
    >
      <div
        className="root image"
      >
        <img
          alt="Ножницы портновские, 10, 26 см, цвет чёрный"
          src="https://cdn3.static1-sima-land.com/items/29455/0/1600.jpg?v=1617955476"
        />
      </div>
    </Image>
    <WithHint
      direction="left"
      hint="Быстрый просмотр"
    >
      <ForwardRef
        className="quick-view-btn"
        onClick={[Function]}
        onMouseEnter={[Function]}
        onMouseLeave={[Function]}
      >
        <ForwardRef(SvgQuickView)
          aria-label="Быстрый просмотр"
          className="root quick-view-btn"
          data-testid="quick-view-button"
          height={24}
          onClick={[Function]}
          onMouseEnter={[Function]}
          onMouseLeave={[Function]}
          role="button"
          width={24}
        >
          <svg
            aria-label="Быстрый просмотр"
            className="root quick-view-btn"
            data-testid="quick-view-button"
            height={24}
            onClick={[Function]}
            onMouseEnter={[Function]}
            onMouseLeave={[Function]}
            role="button"
            viewBox="0 0 24 24"
            width={24}
            xmlns="http://www.w3.org/2000/svg"
          >
            <path
              d="M19.94 22.06l-3.219-3.217-.339.22A8.956 8.956 0 0111.5 20.5a9 9 0 119-9c0 1.8-.528 3.476-1.438 4.882l-.22.34 3.219 3.217a1.5 1.5 0 01-2.122 2.122zM9 10h1V9a1.5 1.5 0 113 0v1h1a1.5 1.5 0 110 3h-1v1a1.5 1.5 0 11-3 0v-1H9a1.5 1.5 0 110-3zm2.5-4.5a6 6 0 100 12 6 6 0 000-12z"
            />
          </svg>
        </ForwardRef(SvgQuickView)>
      </ForwardRef>
    </WithHint>
  </a>
  <div
    className="row prices-row"
  >
    <Price
      className="price"
      currencyGrapheme="₽"
      value={225}
    >
      <span
        className="root price"
        data-testid="price"
      >
        225 ₽
      </span>
    </Price>
    <Price
      className="old-price"
      crossedOut={true}
      currencyGrapheme="₽"
      value={250}
    >
      <span
        className="root old-price crossed-out"
        data-testid="price"
      >
        250 ₽
      </span>
    </Price>
  </div>
  <ForwardRef(Link)
    className="row link"
    color="gray87"
    href="https://www.sima-land.ru/123456"
  >
    <a
      className="link row link color__gray87 hover-color__gray54"
      data-testid="anchor"
      href="https://www.sima-land.ru/123456"
    >
      Ножницы портновские, 10, 26 см, цвет чёрный
    </a>
  </ForwardRef(Link)>
</ProductInfo>
`;
