// Jest Snapshot v1, https://goo.gl/fbAQLP

exports[`<FlagsList /> with props renders correctly 1`] = `
<div
  className="wrap test"
>
  <Badge
    className="item"
    color="#64a0eb"
    fields={
      Array [
        Object {
          "type": "text",
          "value": "-10%",
        },
      ]
    }
    key="0"
    link="/sale/?is_label=1"
  />
</div>
`;

exports[`<FlagsList /> without props renders correctly 1`] = `
<div
  className="wrap"
/>
`;
