// Jest Snapshot v1, https://goo.gl/fbAQLP

exports[`<ModifiersWidget /> should renders correctly with prop 1`] = `
<ModifiersWidget
  items={
    Array [
      Object {
        "content": "Foo",
        "selected": true,
      },
      Object {
        "content": "Bar",
        "selected": false,
      },
      Object {
        "content": "Baz",
        "selected": false,
      },
    ]
  }
  onSelectItem={[MockFunction]}
  sizesTableUrl="sima-land.ru"
  title="test"
>
  <div>
    <h3
      className="modifiers-title"
    >
      test
       (
      3
       
      варианта
      ):
    </h3>
    <ModifiersGroup
      getItemContent={[Function]}
      getItemCount={[Function]}
      items={
        Array [
          Object {
            "content": "Foo",
            "selected": true,
          },
          Object {
            "content": "Bar",
            "selected": false,
          },
          Object {
            "content": "Baz",
            "selected": false,
          },
        ]
      }
      onSelectItem={[Function]}
    >
      <div
        className="modifiers-group height-limited"
        data-testid="data-tetsid"
      >
        <ForwardRef(ModifierButton)
          className="guttered"
          key="0"
          onClick={[Function]}
          selected={true}
        >
          <div
            className="modifier-button selected guttered"
            data-testid="modifier-button"
            onClick={[Function]}
          >
            <div
              className="content"
            >
              <span
                className="text guttered"
              />
            </div>
          </div>
        </ForwardRef(ModifierButton)>
        <ForwardRef(ModifierButton)
          className="guttered"
          key="1"
          onClick={[Function]}
          selected={false}
        >
          <div
            className="modifier-button guttered"
            data-testid="modifier-button"
            onClick={[Function]}
          >
            <div
              className="content"
            >
              <span
                className="text guttered"
              />
            </div>
          </div>
        </ForwardRef(ModifierButton)>
        <ForwardRef(ModifierButton)
          className="guttered"
          key="2"
          onClick={[Function]}
          selected={false}
        >
          <div
            className="modifier-button guttered"
            data-testid="modifier-button"
            onClick={[Function]}
          >
            <div
              className="content"
            >
              <span
                className="text guttered"
              />
            </div>
          </div>
        </ForwardRef(ModifierButton)>
        <ForwardRef(ModifierButton)
          className="show-all-button guttered invisible"
          content="+3"
          data-testid="modifier-group:show-all-button"
          onClick={[Function]}
          squared={true}
        >
          <div
            className="modifier-button squared show-all-button guttered invisible"
            data-testid="modifier-group:show-all-button"
            onClick={[Function]}
          >
            <div
              className="content"
            >
              <span
                className="text"
              >
                +3
              </span>
            </div>
          </div>
        </ForwardRef(ModifierButton)>
      </div>
    </ModifiersGroup>
    <ForwardRef(Link)
      className="modifiers-link"
      href="sima-land.ru"
    >
      <a
        className="link modifiers-link color__brand-blue hover-color__brand-deep-blue"
        data-testid="anchor"
        href="sima-land.ru"
      >
        Таблица размеров
      </a>
    </ForwardRef(Link)>
  </div>
</ModifiersWidget>
`;
