// Jest Snapshot v1, https://goo.gl/fbAQLP

exports[`<Card /> should handle props 1`] = `
<Card
  contentProps={
    Object {
      "className": "test-class",
    }
  }
  data-testid="component:card"
  footer="Foo Bar"
  header={
    <h2>
      Заголовок
    </h2>
  }
  onClick={[MockFunction]}
  withCloseButton={true}
>
  <div
    className="card"
    data-testid="component:card"
    onClick={[MockFunction]}
  >
    <div
      className="card-header"
    >
      <h2>
        Заголовок
      </h2>
    </div>
    <div
      className="card-content test-class"
    >
      Lorem, ipsum dolor sit amet consectetur adipisicing elit.
    </div>
    <div
      className="card-footer"
    >
      Foo Bar
    </div>
  </div>
</Card>
`;

exports[`<Card /> should renders without props 1`] = `
<Card>
  <div
    className="card"
  >
    <div
      className="card-content"
    />
  </div>
</Card>
`;
