// Jest Snapshot v1, https://goo.gl/fbAQLP

exports[`<ModifiersGroup /> should match snapshot 1`] = `
<div
  className="modifiers-group height-limited"
>
  <ForwardRef(ModifierButton)
    className="guttered"
    content="www.test-image.com"
    count={0}
    image="www.test-image.com"
    key="0"
    onClick={[Function]}
    selected={false}
    type="image"
  />
  <ForwardRef(ModifierButton)
    className="guttered"
    content="www.test-image.com"
    count={1}
    image="www.test-image.com"
    key="1"
    onClick={[Function]}
    selected={false}
    type="image"
  />
  <ForwardRef(ModifierButton)
    className="guttered"
    color="#f00"
    count={2}
    key="2"
    onClick={[Function]}
    selected={true}
    type="text"
  />
  <ForwardRef(ModifierButton)
    className="guttered"
    content="test text"
    count={3}
    key="3"
    onClick={[Function]}
    selected={false}
    type="text"
  />
  <ForwardRef(ModifierButton)
    className="guttered"
    content="test text"
    count={4}
    key="4"
    onClick={[Function]}
    selected={false}
    type="text"
  />
  <ForwardRef(ModifierButton)
    className="show-all-button guttered invisible"
    content="+5"
    onClick={[Function]}
    squared={true}
  />
</div>
`;
