// Jest Snapshot v1, https://goo.gl/fbAQLP

exports[`<ItemPrice /> should render with props 1`] = `
<ItemPrice
  discountBadge={
    Array [
      Object {
        "fields": Array [
          Object {
            "type": "text",
            "value": "-50%",
          },
        ],
        "link": "/sale/?is_label=1",
        "type": "b-discount",
      },
    ]
  }
  measure="Р / пог. м"
  price={15}
  priceLayout="column"
  priceOld={20}
  showWholesalePrice={true}
  unitPrice={421}
  wholesaleProps={
    Object {
      "price": 14,
    }
  }
>
  <div
    className="wrapper wrapper-fixed"
  >
    <Box
      alignItems="baseline"
      direction="column"
      display="flex"
      justifyContent="between"
      marginBottom={2}
    >
      <div
        className="display-flex direction-column align-items-baseline justify-content-between M-b__2"
      >
        <Box
          alignItems="start"
          direction="column"
          display="flex"
          marginRight={8}
        >
          <div
            className="display-flex direction-column align-items-start M-r__8"
          >
            <Box
              marginRight={2}
            >
              <div
                className="M-r__2"
              >
                <ForwardRef(Text)
                  lineHeight={24}
                  size={16}
                  weight={600}
                >
                  <span
                    className="size-16 line-height-24 weight-600"
                  >
                    <Price
                      value={15}
                    >
                      <span
                        className="root"
                      >
                        15
                      </span>
                    </Price>
                  </span>
                </ForwardRef(Text)>
              </div>
            </Box>
            <span
              className="price-old column"
            >
              <ForwardRef(Text)
                color="gray38"
                size={12}
              >
                <span
                  className="size-12 line-height-16 color__gray38"
                >
                  <Price
                    crossedOut={true}
                    value={20}
                  >
                    <span
                      className="root crossed-out"
                    >
                      20
                    </span>
                  </Price>
                </span>
              </ForwardRef(Text)>
              <span
                className="discount-badge"
              >
                <FlagsList
                  className="discount"
                  flags={
                    Array [
                      Object {
                        "fields": Array [
                          Object {
                            "type": "text",
                            "value": "-50%",
                          },
                        ],
                        "link": "/sale/?is_label=1",
                        "type": "b-discount",
                      },
                    ]
                  }
                >
                  <div
                    className="wrap discount"
                  >
                    <Badge
                      className="item"
                      fields={
                        Array [
                          Object {
                            "type": "text",
                            "value": "-50%",
                          },
                        ]
                      }
                      key="0"
                      link="/sale/?is_label=1"
                      type="b-discount"
                    >
                      <span
                        className="root item"
                        data-testid="badge"
                        link="/sale/?is_label=1"
                        style={
                          Object {
                            "--badge-color": undefined,
                          }
                        }
                        type="b-discount"
                      >
                        <span
                          className="content"
                        >
                          -50%
                        </span>
                      </span>
                    </Badge>
                  </div>
                </FlagsList>
              </span>
            </span>
          </div>
        </Box>
        <span
          className="price-unit"
        >
          <ForwardRef(Text)
            color="gray38"
            lineHeight={16}
            size={12}
          >
            <span
              className="size-12 line-height-16 color__gray38"
            >
              <Price
                currencyGrapheme="Р / пог. м"
                value={421}
              >
                <span
                  className="root"
                >
                  421 Р / пог. м
                </span>
              </Price>
            </span>
          </ForwardRef(Text)>
        </span>
      </div>
    </Box>
    <div
      className="wholesale-wrapper"
    >
      <WholesalePrice
        className="wholesale"
        direction="column"
        measure="Р / пог. м"
        price={14}
      >
        <div
          className="wholesale"
        >
          <Box
            display="flex"
            justifyContent="start"
            wrap={true}
          >
            <div
              className="display-flex justify-content-start flex-wrap"
            >
              <ForwardRef(Text)
                color="gray87"
                lineHeight={24}
                size={16}
                weight={600}
              >
                <span
                  className="size-16 line-height-24 color__gray87 weight-600"
                >
                  <Price
                    value={14}
                  >
                    <span
                      className="root"
                    >
                      14
                    </span>
                  </Price>
                   / опт
                </span>
              </ForwardRef(Text)>
            </div>
          </Box>
        </div>
      </WholesalePrice>
    </div>
  </div>
</ItemPrice>
`;

exports[`<ItemPrice /> should render without props 1`] = `
<ItemPrice>
  <div
    className="wrapper"
  >
    <Box
      alignItems="baseline"
      dangerouslySetInlineStyle={
        Object {
          "__style": Object {
            "width": "100%",
          },
        }
      }
      direction="row"
      display="flex"
      justifyContent="between"
      marginBottom={0}
    >
      <div
        className="display-flex direction-row align-items-baseline justify-content-between M-b__0"
        style={
          Object {
            "width": "100%",
          }
        }
      >
        <Box
          alignItems="end"
          direction="row"
          display="flex"
          marginRight={0}
        >
          <div
            className="display-flex direction-row align-items-end M-r__0"
          />
        </Box>
      </div>
    </Box>
  </div>
</ItemPrice>
`;
