// Jest Snapshot v1, https://goo.gl/fbAQLP

exports[`<HoverCard /> should renders hidden 1`] = `
<div>
  <div
    class="root card root hidden rounds-sm__all shadow-z4 shadow-z4 rounds-md__all"
    data-testid="product-card:hover-card"
    style="padding: 16px 16px 24px 16px; z-index: 1;"
  />
</div>
`;

exports[`<HoverCard /> should renders with positioning 1`] = `
<div>
  <div>
    Target
  </div>
  <div
    class="root card root rounds-sm__all shadow-z4 shadow-z4 rounds-md__all"
    data-testid="product-card:hover-card"
    style="padding: 16px 16px 24px 16px; z-index: 1; left: -16px; top: -16px; width: 32px;"
  >
    <a
      class="link link line-clamp basic-gray87"
      data-testid="product-info:name-link"
      href="https://foo.bar"
    >
      Ножницы портновские, 10, 26 см, цвет чёрный
    </a>
  </div>
</div>
`;
