// Jest Snapshot v1, https://goo.gl/fbAQLP

exports[`<WholesaleText /> should render with props and cutTextContent calls correctly 1`] = `
<WholesaleText
  text="Крупный опт «Галантерея и швейная галантерея»"
>
  <span
    className="root"
  >
    Крупный опт «Галантерея и швейная галантерея»
  </span>
</WholesaleText>
`;
