// Jest Snapshot v1, https://goo.gl/fbAQLP

exports[`Breadcrumbs should renders correctly 1`] = `
<div>
  <nav
    class="root"
  >
    <a
      class="link item basic-gray87"
      data-testid="breadcrumb"
      href="#"
    >
      Каталог
    </a>
    <a
      class="link item basic-gray87"
      data-testid="breadcrumb"
      href="#"
    >
      Одежда и обувь
    </a>
    <a
      class="link item basic-gray87"
      data-testid="breadcrumb"
      href="#"
    >
      Женская одежда
    </a>
    <a
      class="link item basic-gray87"
      data-testid="breadcrumb"
      href="#"
    >
      Аксессуары
    </a>
    <a
      class="link item basic-gray87"
      data-testid="breadcrumb"
      href="#"
    >
      Брендированные стойки «Этель» и «Доляна» в подарок за покупку кухонного текстиля
    </a>
    <a
      class="link item basic-gray87"
      data-testid="breadcrumb"
      href="#"
    >
      Головные уборы
    </a>
    <a
      class="link item basic-gray87"
      data-testid="breadcrumb"
      href="#"
    >
      Кепки, бейсболки
    </a>
    <a
      class="link item basic-gray87"
      data-testid="breadcrumb"
      href="#"
    >
      Текущая страница
    </a>
  </nav>
</div>
`;
