// Jest Snapshot v1, https://goo.gl/fbAQLP

exports[`InteractiveImage Должен корректно обработать свойства и нарисовать компонент 1`] = `
<DocumentFragment>
  <div
    class="root"
  >
    <img
      class="image"
      data-testid="interactive-image:image"
      src="https://www.images.com/123"
    />
    <a
      aria-label="Точка на изображении"
      class="point"
      data-testid="interactive-image:point"
      role="button"
      style="top: 2%; left: 1%;"
    />
    <a
      aria-label="Точка на изображении"
      class="point"
      data-testid="interactive-image:point"
      role="button"
      style="top: 3%; left: 2%;"
    />
    <a
      aria-label="Точка на изображении"
      class="point"
      data-testid="interactive-image:point"
      role="button"
      style="top: 4%; left: 3%;"
    />
    <a
      aria-label="Точка на изображении"
      class="point"
      data-testid="interactive-image:point"
      role="button"
      style="top: 5%; left: 4%;"
    />
  </div>
</DocumentFragment>
`;
